###############################################################################
#
# IAR ELF Linker V8.50.9.278/W32 for ARM                  02/Feb/2021  07:39:45
# Copyright 2007-2020 IAR Systems AB.
#
#    Output file  =
#        D:\PROJECTS\PLC\IRON_CASE_SWITCH\HW\PCB_PROJECTS\ACTUAL\POWER_HOT_SWAP\SOFTWARE\IAR\POWER_HOT_SWAP\EWARM\POWER_HOT_SWAP\Exe\POWER_HOT_SWAP.out
#    Map file     =
#        D:\PROJECTS\PLC\IRON_CASE_SWITCH\HW\PCB_PROJECTS\ACTUAL\POWER_HOT_SWAP\SOFTWARE\IAR\POWER_HOT_SWAP\EWARM\POWER_HOT_SWAP\List\POWER_HOT_SWAP.map
#    Command line =
#        -f C:\Users\NIKOLA~1\AppData\Local\Temp\EWFC2.tmp
#        (D:\PROJECTS\PLC\IRON_CASE_SWITCH\HW\PCB_PROJECTS\ACTUAL\POWER_HOT_SWAP\SOFTWARE\IAR\POWER_HOT_SWAP\EWARM\POWER_HOT_SWAP\Obj\adc.o
#        D:\PROJECTS\PLC\IRON_CASE_SWITCH\HW\PCB_PROJECTS\ACTUAL\POWER_HOT_SWAP\SOFTWARE\IAR\POWER_HOT_SWAP\EWARM\POWER_HOT_SWAP\Obj\dma.o
#        D:\PROJECTS\PLC\IRON_CASE_SWITCH\HW\PCB_PROJECTS\ACTUAL\POWER_HOT_SWAP\SOFTWARE\IAR\POWER_HOT_SWAP\EWARM\POWER_HOT_SWAP\Obj\gpio.o
#        D:\PROJECTS\PLC\IRON_CASE_SWITCH\HW\PCB_PROJECTS\ACTUAL\POWER_HOT_SWAP\SOFTWARE\IAR\POWER_HOT_SWAP\EWARM\POWER_HOT_SWAP\Obj\main.o
#        D:\PROJECTS\PLC\IRON_CASE_SWITCH\HW\PCB_PROJECTS\ACTUAL\POWER_HOT_SWAP\SOFTWARE\IAR\POWER_HOT_SWAP\EWARM\POWER_HOT_SWAP\Obj\startup_stm32f072xb.o
#        D:\PROJECTS\PLC\IRON_CASE_SWITCH\HW\PCB_PROJECTS\ACTUAL\POWER_HOT_SWAP\SOFTWARE\IAR\POWER_HOT_SWAP\EWARM\POWER_HOT_SWAP\Obj\stm32f0xx_hal.o
#        D:\PROJECTS\PLC\IRON_CASE_SWITCH\HW\PCB_PROJECTS\ACTUAL\POWER_HOT_SWAP\SOFTWARE\IAR\POWER_HOT_SWAP\EWARM\POWER_HOT_SWAP\Obj\stm32f0xx_hal_adc.o
#        D:\PROJECTS\PLC\IRON_CASE_SWITCH\HW\PCB_PROJECTS\ACTUAL\POWER_HOT_SWAP\SOFTWARE\IAR\POWER_HOT_SWAP\EWARM\POWER_HOT_SWAP\Obj\stm32f0xx_hal_adc_ex.o
#        D:\PROJECTS\PLC\IRON_CASE_SWITCH\HW\PCB_PROJECTS\ACTUAL\POWER_HOT_SWAP\SOFTWARE\IAR\POWER_HOT_SWAP\EWARM\POWER_HOT_SWAP\Obj\stm32f0xx_hal_cortex.o
#        D:\PROJECTS\PLC\IRON_CASE_SWITCH\HW\PCB_PROJECTS\ACTUAL\POWER_HOT_SWAP\SOFTWARE\IAR\POWER_HOT_SWAP\EWARM\POWER_HOT_SWAP\Obj\stm32f0xx_hal_dma.o
#        D:\PROJECTS\PLC\IRON_CASE_SWITCH\HW\PCB_PROJECTS\ACTUAL\POWER_HOT_SWAP\SOFTWARE\IAR\POWER_HOT_SWAP\EWARM\POWER_HOT_SWAP\Obj\stm32f0xx_hal_exti.o
#        D:\PROJECTS\PLC\IRON_CASE_SWITCH\HW\PCB_PROJECTS\ACTUAL\POWER_HOT_SWAP\SOFTWARE\IAR\POWER_HOT_SWAP\EWARM\POWER_HOT_SWAP\Obj\stm32f0xx_hal_flash.o
#        D:\PROJECTS\PLC\IRON_CASE_SWITCH\HW\PCB_PROJECTS\ACTUAL\POWER_HOT_SWAP\SOFTWARE\IAR\POWER_HOT_SWAP\EWARM\POWER_HOT_SWAP\Obj\stm32f0xx_hal_flash_ex.o
#        D:\PROJECTS\PLC\IRON_CASE_SWITCH\HW\PCB_PROJECTS\ACTUAL\POWER_HOT_SWAP\SOFTWARE\IAR\POWER_HOT_SWAP\EWARM\POWER_HOT_SWAP\Obj\stm32f0xx_hal_gpio.o
#        D:\PROJECTS\PLC\IRON_CASE_SWITCH\HW\PCB_PROJECTS\ACTUAL\POWER_HOT_SWAP\SOFTWARE\IAR\POWER_HOT_SWAP\EWARM\POWER_HOT_SWAP\Obj\stm32f0xx_hal_i2c.o
#        D:\PROJECTS\PLC\IRON_CASE_SWITCH\HW\PCB_PROJECTS\ACTUAL\POWER_HOT_SWAP\SOFTWARE\IAR\POWER_HOT_SWAP\EWARM\POWER_HOT_SWAP\Obj\stm32f0xx_hal_i2c_ex.o
#        D:\PROJECTS\PLC\IRON_CASE_SWITCH\HW\PCB_PROJECTS\ACTUAL\POWER_HOT_SWAP\SOFTWARE\IAR\POWER_HOT_SWAP\EWARM\POWER_HOT_SWAP\Obj\stm32f0xx_hal_msp.o
#        D:\PROJECTS\PLC\IRON_CASE_SWITCH\HW\PCB_PROJECTS\ACTUAL\POWER_HOT_SWAP\SOFTWARE\IAR\POWER_HOT_SWAP\EWARM\POWER_HOT_SWAP\Obj\stm32f0xx_hal_pcd.o
#        D:\PROJECTS\PLC\IRON_CASE_SWITCH\HW\PCB_PROJECTS\ACTUAL\POWER_HOT_SWAP\SOFTWARE\IAR\POWER_HOT_SWAP\EWARM\POWER_HOT_SWAP\Obj\stm32f0xx_hal_pcd_ex.o
#        D:\PROJECTS\PLC\IRON_CASE_SWITCH\HW\PCB_PROJECTS\ACTUAL\POWER_HOT_SWAP\SOFTWARE\IAR\POWER_HOT_SWAP\EWARM\POWER_HOT_SWAP\Obj\stm32f0xx_hal_pwr.o
#        D:\PROJECTS\PLC\IRON_CASE_SWITCH\HW\PCB_PROJECTS\ACTUAL\POWER_HOT_SWAP\SOFTWARE\IAR\POWER_HOT_SWAP\EWARM\POWER_HOT_SWAP\Obj\stm32f0xx_hal_pwr_ex.o
#        D:\PROJECTS\PLC\IRON_CASE_SWITCH\HW\PCB_PROJECTS\ACTUAL\POWER_HOT_SWAP\SOFTWARE\IAR\POWER_HOT_SWAP\EWARM\POWER_HOT_SWAP\Obj\stm32f0xx_hal_rcc.o
#        D:\PROJECTS\PLC\IRON_CASE_SWITCH\HW\PCB_PROJECTS\ACTUAL\POWER_HOT_SWAP\SOFTWARE\IAR\POWER_HOT_SWAP\EWARM\POWER_HOT_SWAP\Obj\stm32f0xx_hal_rcc_ex.o
#        D:\PROJECTS\PLC\IRON_CASE_SWITCH\HW\PCB_PROJECTS\ACTUAL\POWER_HOT_SWAP\SOFTWARE\IAR\POWER_HOT_SWAP\EWARM\POWER_HOT_SWAP\Obj\stm32f0xx_hal_tim.o
#        D:\PROJECTS\PLC\IRON_CASE_SWITCH\HW\PCB_PROJECTS\ACTUAL\POWER_HOT_SWAP\SOFTWARE\IAR\POWER_HOT_SWAP\EWARM\POWER_HOT_SWAP\Obj\stm32f0xx_hal_tim_ex.o
#        D:\PROJECTS\PLC\IRON_CASE_SWITCH\HW\PCB_PROJECTS\ACTUAL\POWER_HOT_SWAP\SOFTWARE\IAR\POWER_HOT_SWAP\EWARM\POWER_HOT_SWAP\Obj\stm32f0xx_it.o
#        D:\PROJECTS\PLC\IRON_CASE_SWITCH\HW\PCB_PROJECTS\ACTUAL\POWER_HOT_SWAP\SOFTWARE\IAR\POWER_HOT_SWAP\EWARM\POWER_HOT_SWAP\Obj\stm32f0xx_ll_usb.o
#        D:\PROJECTS\PLC\IRON_CASE_SWITCH\HW\PCB_PROJECTS\ACTUAL\POWER_HOT_SWAP\SOFTWARE\IAR\POWER_HOT_SWAP\EWARM\POWER_HOT_SWAP\Obj\system_stm32f0xx.o
#        D:\PROJECTS\PLC\IRON_CASE_SWITCH\HW\PCB_PROJECTS\ACTUAL\POWER_HOT_SWAP\SOFTWARE\IAR\POWER_HOT_SWAP\EWARM\POWER_HOT_SWAP\Obj\usb_device.o
#        D:\PROJECTS\PLC\IRON_CASE_SWITCH\HW\PCB_PROJECTS\ACTUAL\POWER_HOT_SWAP\SOFTWARE\IAR\POWER_HOT_SWAP\EWARM\POWER_HOT_SWAP\Obj\usbd_cdc.o
#        D:\PROJECTS\PLC\IRON_CASE_SWITCH\HW\PCB_PROJECTS\ACTUAL\POWER_HOT_SWAP\SOFTWARE\IAR\POWER_HOT_SWAP\EWARM\POWER_HOT_SWAP\Obj\usbd_cdc_if.o
#        D:\PROJECTS\PLC\IRON_CASE_SWITCH\HW\PCB_PROJECTS\ACTUAL\POWER_HOT_SWAP\SOFTWARE\IAR\POWER_HOT_SWAP\EWARM\POWER_HOT_SWAP\Obj\usbd_conf.o
#        D:\PROJECTS\PLC\IRON_CASE_SWITCH\HW\PCB_PROJECTS\ACTUAL\POWER_HOT_SWAP\SOFTWARE\IAR\POWER_HOT_SWAP\EWARM\POWER_HOT_SWAP\Obj\usbd_core.o
#        D:\PROJECTS\PLC\IRON_CASE_SWITCH\HW\PCB_PROJECTS\ACTUAL\POWER_HOT_SWAP\SOFTWARE\IAR\POWER_HOT_SWAP\EWARM\POWER_HOT_SWAP\Obj\usbd_ctlreq.o
#        D:\PROJECTS\PLC\IRON_CASE_SWITCH\HW\PCB_PROJECTS\ACTUAL\POWER_HOT_SWAP\SOFTWARE\IAR\POWER_HOT_SWAP\EWARM\POWER_HOT_SWAP\Obj\usbd_desc.o
#        D:\PROJECTS\PLC\IRON_CASE_SWITCH\HW\PCB_PROJECTS\ACTUAL\POWER_HOT_SWAP\SOFTWARE\IAR\POWER_HOT_SWAP\EWARM\POWER_HOT_SWAP\Obj\usbd_ioreq.o
#        --no_out_extension -o
#        D:\PROJECTS\PLC\IRON_CASE_SWITCH\HW\PCB_PROJECTS\ACTUAL\POWER_HOT_SWAP\SOFTWARE\IAR\POWER_HOT_SWAP\EWARM\POWER_HOT_SWAP\Exe\POWER_HOT_SWAP.out
#        --redirect _Printf=_PrintfFullNoMb --redirect _Scanf=_ScanfFullNoMb
#        --map
#        D:\PROJECTS\PLC\IRON_CASE_SWITCH\HW\PCB_PROJECTS\ACTUAL\POWER_HOT_SWAP\SOFTWARE\IAR\POWER_HOT_SWAP\EWARM\POWER_HOT_SWAP\List\POWER_HOT_SWAP.map
#        --config
#        D:\PROJECTS\PLC\IRON_CASE_SWITCH\HW\PCB_PROJECTS\ACTUAL\POWER_HOT_SWAP\SOFTWARE\IAR\POWER_HOT_SWAP\EWARM/stm32f072xb_flash.icf
#        --semihosting --entry __iar_program_start --vfe --text_out locale)
#
###############################################################################

*******************************************************************************
*** RUNTIME MODEL ATTRIBUTES
***

CppFlavor       = *
__SystemLibrary = DLib
__dlib_version  = 6


*******************************************************************************
*** HEAP SELECTION
***

The basic heap was selected because some modules are built with
size limitations (and not runtime checking), and --advanced_heap
was not specified.


*******************************************************************************
*** PLACEMENT SUMMARY
***

"A0":  place at address 0x800'0000 { ro section .intvec };
"P1":  place in [from 0x800'0000 to 0x801'ffff] { ro };
define block CSTACK with size = 1K, alignment = 8 { };
define block HEAP with size = 512, alignment = 8 { };
"P2":  place in [from 0x2000'0000 to 0x2000'3fff] {
          rw, block CSTACK, block HEAP };
initialize by copy { rw };

  Section            Kind         Address    Size  Object
  -------            ----         -------    ----  ------
"A0":                                        0xc0
  .intvec            ro code   0x800'0000    0xc0  startup_stm32f072xb.o [1]
                             - 0x800'00c0    0xc0

"P1":                                      0x371e
  .text              ro code   0x800'00c0   0xac4  stm32f0xx_hal_pcd.o [1]
  .text              ro code   0x800'0b84   0x25a  usbd_conf.o [1]
  .text              ro code   0x800'0dde    0x7e  lz77_init_single.o [3]
  .text              ro code   0x800'0e5c   0xa68  stm32f0xx_ll_usb.o [1]
  .text              ro code   0x800'18c4    0x34  ABImemcpy.o [3]
  .text              ro code   0x800'18f8    0x68  stm32f0xx_hal_pcd_ex.o [1]
  .text              ro code   0x800'1960    0x8c  stm32f0xx_hal_cortex.o [1]
  .text              ro code   0x800'19ec   0x2b0  usbd_core.o [1]
  .text              ro code   0x800'1c9c    0x92  main.o [1]
  .text              ro code   0x800'1d2e     0x2  startup_stm32f072xb.o [1]
  .text              ro code   0x800'1d30   0x4a8  usbd_ctlreq.o [1]
  .text              ro code   0x800'21d8    0x7e  usbd_ioreq.o [1]
  .text              ro code   0x800'2256     0x2  startup_stm32f072xb.o [1]
  .text              ro code   0x800'2258    0x36  I32DivMod.o [3]
  .text              ro code   0x800'228e     0x2  startup_stm32f072xb.o [1]
  .text              ro code   0x800'2290    0x20  stm32f0xx_hal.o [1]
  .text              ro code   0x800'22b0    0x30  gpio.o [1]
  .text              ro code   0x800'22e0    0x2c  dma.o [1]
  .text              ro code   0x800'230c    0x58  usb_device.o [1]
  .text              ro code   0x800'2364   0x120  adc.o [1]
  .text              ro code   0x800'2484    0x10  ABImemset_small.o [3]
  .text              ro code   0x800'2494   0x5d0  stm32f0xx_hal_rcc.o [1]
  .text              ro code   0x800'2a64   0x134  stm32f0xx_hal_rcc_ex.o [1]
  .text              ro code   0x800'2b98     0x2  IntDivZer.o [3]
  .text              ro code   0x800'2b9a     0x2  startup_stm32f072xb.o [1]
  .text              ro code   0x800'2b9c    0x44  stm32f0xx_hal.o [1]
  .text              ro code   0x800'2be0    0x30  stm32f0xx_hal_msp.o [1]
  .text              ro code   0x800'2c10   0x2c4  usbd_cdc.o [1]
  .text              ro code   0x800'2ed4    0x14  memset.o [3]
  .text              ro code   0x800'2ee8   0x294  stm32f0xx_hal_adc.o [1]
  .text              ro code   0x800'317c   0x19c  stm32f0xx_hal_gpio.o [1]
  .text              ro code   0x800'3318   0x134  stm32f0xx_hal_dma.o [1]
  .text              ro code   0x800'344c     0xc  stm32f0xx_hal.o [1]
  .text              ro code   0x800'3458    0xf0  usbd_desc.o [1]
  .text              ro code   0x800'3548    0x48  usbd_cdc_if.o [1]
  .text              ro code   0x800'3590    0x3c  zero_init3.o [3]
  .text              ro code   0x800'35cc    0x2c  stm32f0xx_it.o [1]
  .text              ro code   0x800'35f8    0x10  stm32f0xx_hal.o [1]
  .text              ro code   0x800'3608    0x28  data_init.o [3]
  .iar.init_table    const     0x800'3630    0x20  - Linker created -
  .text              ro code   0x800'3650    0x1e  cmain.o [3]
  .text              ro code   0x800'366e     0x4  low_level_init.o [2]
  .text              ro code   0x800'3672     0x8  exit.o [2]
  .text              ro code   0x800'367a     0x2  startup_stm32f072xb.o [1]
  .text              ro code   0x800'367c     0xa  cexit.o [3]
  .text              ro code   0x800'3686     0x2  startup_stm32f072xb.o [1]
  .text              ro code   0x800'3688    0x14  exit.o [4]
  .text              ro code   0x800'369c    0x1c  cstartup_M.o [3]
  .text              ro code   0x800'36b8    0x14  system_stm32f0xx.o [1]
  .text              ro code   0x800'36cc    0x10  startup_stm32f072xb.o [1]
  .text              ro code   0x800'36dc     0x2  startup_stm32f072xb.o [1]
  .text              ro code   0x800'36de     0x2  startup_stm32f072xb.o [1]
  .text              ro code   0x800'36e0     0x2  startup_stm32f072xb.o [1]
  .text              ro code   0x800'36e2     0x2  startup_stm32f072xb.o [1]
  .text              ro code   0x800'36e4     0x2  startup_stm32f072xb.o [1]
  .text              ro code   0x800'36e6     0x2  startup_stm32f072xb.o [1]
  .text              ro code   0x800'36e8     0x2  startup_stm32f072xb.o [1]
  .text              ro code   0x800'36ea     0x2  startup_stm32f072xb.o [1]
  .text              ro code   0x800'36ec     0x2  startup_stm32f072xb.o [1]
  .text              ro code   0x800'36ee     0x2  startup_stm32f072xb.o [1]
  .text              ro code   0x800'36f0     0x2  startup_stm32f072xb.o [1]
  .text              ro code   0x800'36f2     0x2  startup_stm32f072xb.o [1]
  .text              ro code   0x800'36f4     0x2  startup_stm32f072xb.o [1]
  .text              ro code   0x800'36f6     0x2  startup_stm32f072xb.o [1]
  .text              ro code   0x800'36f8     0x2  startup_stm32f072xb.o [1]
  .text              ro code   0x800'36fa     0x2  startup_stm32f072xb.o [1]
  .text              ro code   0x800'36fc     0x2  startup_stm32f072xb.o [1]
  .text              ro code   0x800'36fe     0x2  startup_stm32f072xb.o [1]
  .text              ro code   0x800'3700     0x2  startup_stm32f072xb.o [1]
  .text              ro code   0x800'3702     0x2  startup_stm32f072xb.o [1]
  .text              ro code   0x800'3704     0x2  startup_stm32f072xb.o [1]
  .text              ro code   0x800'3706     0x2  startup_stm32f072xb.o [1]
  .text              ro code   0x800'3708     0x2  startup_stm32f072xb.o [1]
  .text              ro code   0x800'370a     0x2  startup_stm32f072xb.o [1]
  .rodata            const     0x800'370c     0x0  zero_init3.o [3]
  .rodata            const     0x800'370c     0x0  lz77_init_single.o [3]
  Initializer bytes  const     0x800'370c    0xd2  <for P2-1>
                             - 0x800'37de  0x371e

"P2", part 1 of 3:                          0x180
  P2-1                        0x2000'0000   0x180  <Init block>
    .data            inited   0x2000'0000     0xc  stm32f0xx_hal.o [1]
    .data            inited   0x2000'000c     0x4  system_stm32f0xx.o [1]
    .data            inited   0x2000'0010     0xc  usbd_cdc.o [1]
    .data            inited   0x2000'001c    0x38  usbd_cdc.o [1]
    .data            inited   0x2000'0054    0x44  usbd_cdc.o [1]
    .data            inited   0x2000'0098    0x44  usbd_cdc.o [1]
    .data            inited   0x2000'00dc    0x44  usbd_cdc.o [1]
    .data            inited   0x2000'0120    0x10  usbd_cdc_if.o [1]
    .data            inited   0x2000'0130    0x1c  usbd_desc.o [1]
    .data            inited   0x2000'014c    0x14  usbd_desc.o [1]
    .data            inited   0x2000'0160     0x4  usbd_desc.o [1]
    .data            inited   0x2000'0164    0x1c  usbd_desc.o [1]
                            - 0x2000'0180   0x180

"P2", part 2 of 3:                         0x1230
  .bss               zero     0x2000'0180   0x7d0  usbd_cdc_if.o [1]
  .bss               zero     0x2000'0950   0x2f4  usbd_conf.o [1]
  .bss               zero     0x2000'0c44   0x2c4  usb_device.o [1]
  .bss               zero     0x2000'0f08   0x220  usbd_conf.o [1]
  .bss               zero     0x2000'1128   0x200  usbd_desc.o [1]
  .bss               zero     0x2000'1328    0x44  adc.o [1]
  .bss               zero     0x2000'136c    0x40  adc.o [1]
  .bss               zero     0x2000'13ac     0x1  usbd_ctlreq.o [1]
                            - 0x2000'13ad  0x122d

"P2", part 3 of 3:                          0x400
  CSTACK                      0x2000'13b0   0x400  <Block>
    CSTACK           uninit   0x2000'13b0   0x400  <Block tail>
                            - 0x2000'17b0   0x400

Unused ranges:

         From           To      Size
         ----           --      ----
   0x800'37de   0x801'ffff  0x1'c822
  0x2000'17b0  0x2000'3fff    0x2850


*******************************************************************************
*** INIT TABLE
***

          Address      Size
          -------      ----
Zero (__iar_zero_init3)
    1 destination range, total size 0x122d:
          0x2000'0180  0x122d

Copy/lz77 (__iar_lz77_init_single3)
    1 source range, total size 0xd2 (54% of destination):
           0x800'370c    0xd2
    1 destination range, total size 0x180:
          0x2000'0000   0x180



*******************************************************************************
*** MODULE SUMMARY
***

    Module                  ro code  ro data  rw data
    ------                  -------  -------  -------
command line/config:
    -------------------------------------------------
    Total:

D:\PROJECTS\PLC\IRON_CASE_SWITCH\HW\PCB_PROJECTS\ACTUAL\POWER_HOT_SWAP\SOFTWARE\IAR\POWER_HOT_SWAP\EWARM\POWER_HOT_SWAP\Obj: [1]
    adc.o                       288               132
    dma.o                        44
    gpio.o                       48
    main.o                      146
    startup_stm32f072xb.o       268
    stm32f0xx_hal.o             128        6       12
    stm32f0xx_hal_adc.o         660
    stm32f0xx_hal_cortex.o      140
    stm32f0xx_hal_dma.o         308
    stm32f0xx_hal_gpio.o        412
    stm32f0xx_hal_msp.o          48
    stm32f0xx_hal_pcd.o       2'756
    stm32f0xx_hal_pcd_ex.o      104
    stm32f0xx_hal_rcc.o       1'488
    stm32f0xx_hal_rcc_ex.o      308
    stm32f0xx_it.o               44
    stm32f0xx_ll_usb.o        2'664
    system_stm32f0xx.o           20        2        4
    usb_device.o                 88               708
    usbd_cdc.o                  708      149      272
    usbd_cdc_if.o                72        9    2'016
    usbd_conf.o                 602             1'300
    usbd_core.o                 688
    usbd_ctlreq.o             1'192                 1
    usbd_desc.o                 240       44      592
    usbd_ioreq.o                126
    -------------------------------------------------
    Total:                   13'590      210    5'037

dl6M_tlf.a: [2]
    exit.o                        8
    low_level_init.o              4
    -------------------------------------------------
    Total:                       12

rt6M_tl.a: [3]
    ABImemcpy.o                  52
    ABImemset_small.o            16
    I32DivMod.o                  54
    IntDivZer.o                   2
    cexit.o                      10
    cmain.o                      30
    cstartup_M.o                 28
    data_init.o                  40
    lz77_init_single.o          126
    memset.o                     20
    zero_init3.o                 60
    -------------------------------------------------
    Total:                      438

shb_l.a: [4]
    exit.o                       20
    -------------------------------------------------
    Total:                       20

    Linker created                        32    1'024
-----------------------------------------------------
    Grand Total:             14'060      242    6'061


*******************************************************************************
*** ENTRY LIST
***

Entry                       Address   Size  Type      Object
-----                       -------   ----  ----      ------
.iar.init_table$$Base    0x800'3630          --   Gb  - Linker created -
.iar.init_table$$Limit   0x800'3650          --   Gb  - Linker created -
?main                    0x800'3651         Code  Gb  cmain.o [3]
AHBPrescTable            0x800'36bc   0x10  Data  Gb  system_stm32f0xx.o [1]
CDC_Control_FS           0x800'356d    0x4  Code  Lc  usbd_cdc_if.o [1]
CDC_DeInit_FS            0x800'3569    0x4  Code  Lc  usbd_cdc_if.o [1]
CDC_Init_FS              0x800'3549   0x20  Code  Lc  usbd_cdc_if.o [1]
CDC_Receive_FS           0x800'3571   0x16  Code  Lc  usbd_cdc_if.o [1]
CSTACK$$Base            0x2000'13b0          --   Gb  - Linker created -
CSTACK$$Limit           0x2000'17b0          --   Gb  - Linker created -
DMA1_Channel1_IRQHandler
                         0x800'35dd    0xa  Code  Gb  stm32f0xx_it.o [1]
DMA_CalcBaseAndBitshift
                         0x800'3429   0x1a  Code  Lc  stm32f0xx_hal_dma.o [1]
Error_Handler            0x800'1d2b    0x4  Code  Gb  main.o [1]
FS_Desc                 0x2000'0130   0x1c  Data  Gb  usbd_desc.o [1]
HAL_ADC_ConfigChannel    0x800'305d  0x102  Code  Gb  stm32f0xx_hal_adc.o [1]
HAL_ADC_Init             0x800'2ee9  0x166  Code  Gb  stm32f0xx_hal_adc.o [1]
HAL_ADC_MspInit          0x800'23eb   0x86  Code  Gb  adc.o [1]
HAL_DMA_IRQHandler       0x800'3369   0xc0  Code  Gb  stm32f0xx_hal_dma.o [1]
HAL_DMA_Init             0x800'3319   0x4c  Code  Gb  stm32f0xx_hal_dma.o [1]
HAL_GPIO_Init            0x800'317d  0x17e  Code  Gb  stm32f0xx_hal_gpio.o [1]
HAL_GetTick              0x800'344d    0xc  Code  Wk  stm32f0xx_hal.o [1]
HAL_IncTick              0x800'35f9   0x10  Code  Wk  stm32f0xx_hal.o [1]
HAL_Init                 0x800'2291   0x1a  Code  Gb  stm32f0xx_hal.o [1]
HAL_InitTick             0x800'2b9d   0x44  Code  Wk  stm32f0xx_hal.o [1]
HAL_MspInit              0x800'2be1   0x30  Code  Gb  stm32f0xx_hal_msp.o [1]
HAL_NVIC_EnableIRQ       0x800'19a3   0x12  Code  Gb  stm32f0xx_hal_cortex.o [1]
HAL_NVIC_SetPriority     0x800'199b    0x8  Code  Gb  stm32f0xx_hal_cortex.o [1]
HAL_PCDEx_ActivateLPM    0x800'193b   0x24  Code  Gb  stm32f0xx_hal_pcd_ex.o [1]
HAL_PCDEx_LPM_Callback   0x800'195f    0x2  Code  Wk  stm32f0xx_hal_pcd_ex.o [1]
HAL_PCDEx_PMAConfig      0x800'18f9   0x3a  Code  Gb  stm32f0xx_hal_pcd_ex.o [1]
HAL_PCD_DataInStageCallback
                         0x800'0be7   0x18  Code  Gb  usbd_conf.o [1]
HAL_PCD_DataOutStageCallback
                         0x800'0bcb   0x1c  Code  Gb  usbd_conf.o [1]
HAL_PCD_EP_Close         0x800'0a0f   0x46  Code  Gb  stm32f0xx_hal_pcd.o [1]
HAL_PCD_EP_ClrStall      0x800'0b25   0x56  Code  Gb  stm32f0xx_hal_pcd.o [1]
HAL_PCD_EP_GetRxCount    0x800'0a85   0x12  Code  Gb  stm32f0xx_hal_pcd.o [1]
HAL_PCD_EP_Open          0x800'09af   0x60  Code  Gb  stm32f0xx_hal_pcd.o [1]
HAL_PCD_EP_Receive       0x800'0a55   0x30  Code  Gb  stm32f0xx_hal_pcd.o [1]
HAL_PCD_EP_SetStall      0x800'0acb   0x5a  Code  Gb  stm32f0xx_hal_pcd.o [1]
HAL_PCD_EP_Transmit      0x800'0a97   0x34  Code  Gb  stm32f0xx_hal_pcd.o [1]
HAL_PCD_IRQHandler       0x800'0195  0x7de  Code  Gb  stm32f0xx_hal_pcd.o [1]
HAL_PCD_Init             0x800'00c1   0xa8  Code  Gb  stm32f0xx_hal_pcd.o [1]
HAL_PCD_MspInit          0x800'0b85   0x32  Code  Gb  usbd_conf.o [1]
HAL_PCD_ResetCallback    0x800'0c0d   0x24  Code  Gb  usbd_conf.o [1]
HAL_PCD_ResumeCallback   0x800'0c51   0x24  Code  Gb  usbd_conf.o [1]
HAL_PCD_SOFCallback      0x800'0bff    0xe  Code  Gb  usbd_conf.o [1]
HAL_PCD_SetAddress       0x800'0989   0x26  Code  Gb  stm32f0xx_hal_pcd.o [1]
HAL_PCD_SetupStageCallback
                         0x800'0bb7   0x14  Code  Gb  usbd_conf.o [1]
HAL_PCD_Start            0x800'0169   0x2a  Code  Gb  stm32f0xx_hal_pcd.o [1]
HAL_PCD_SuspendCallback
                         0x800'0c31   0x20  Code  Gb  usbd_conf.o [1]
HAL_RCCEx_PeriphCLKConfig
                         0x800'2a65  0x118  Code  Gb  stm32f0xx_hal_rcc_ex.o [1]
HAL_RCC_ClockConfig      0x800'28c1  0x106  Code  Gb  stm32f0xx_hal_rcc.o [1]
HAL_RCC_GetSysClockFreq
                         0x800'29cd   0x50  Code  Gb  stm32f0xx_hal_rcc.o [1]
HAL_RCC_GetSysClockFreq::aPLLMULFactorTable
                         0x800'2a44   0x10  Data  Lc  stm32f0xx_hal_rcc.o [1]
HAL_RCC_GetSysClockFreq::aPredivFactorTable
                         0x800'2a54   0x10  Data  Lc  stm32f0xx_hal_rcc.o [1]
HAL_RCC_OscConfig        0x800'2495  0x41e  Code  Gb  stm32f0xx_hal_rcc.o [1]
HAL_SYSTICK_Config       0x800'19b5   0x28  Code  Gb  stm32f0xx_hal_cortex.o [1]
HardFault_Handler        0x800'35cf    0x2  Code  Gb  stm32f0xx_it.o [1]
IntToUnicode             0x800'34d9   0x26  Code  Lc  usbd_desc.o [1]
MX_ADC_Init              0x800'2365   0x86  Code  Gb  adc.o [1]
MX_DMA_Init              0x800'22e1   0x2c  Code  Gb  dma.o [1]
MX_GPIO_Init             0x800'22b1   0x30  Code  Gb  gpio.o [1]
MX_USB_DEVICE_Init       0x800'230d   0x58  Code  Gb  usb_device.o [1]
NMI_Handler              0x800'35cd    0x2  Code  Gb  stm32f0xx_it.o [1]
PendSV_Handler           0x800'35d3    0x2  Code  Gb  stm32f0xx_it.o [1]
Region$$Table$$Base      0x800'3630          --   Gb  - Linker created -
Region$$Table$$Limit     0x800'3650          --   Gb  - Linker created -
SVC_Handler              0x800'35d1    0x2  Code  Gb  stm32f0xx_it.o [1]
SysTick_Handler          0x800'35d5    0x8  Code  Gb  stm32f0xx_it.o [1]
SystemClock_Config       0x800'1cb9   0x72  Code  Gb  main.o [1]
SystemCoreClock         0x2000'000c    0x4  Data  Gb  system_stm32f0xx.o [1]
SystemInit               0x800'36b9    0x2  Code  Gb  system_stm32f0xx.o [1]
USBD_CDC                0x2000'001c   0x38  Data  Gb  usbd_cdc.o [1]
USBD_CDC_CfgFSDesc      0x2000'0098   0x44  Data  Gb  usbd_cdc.o [1]
USBD_CDC_CfgHSDesc      0x2000'0054   0x44  Data  Gb  usbd_cdc.o [1]
USBD_CDC_DataIn          0x800'2d97   0x54  Code  Lc  usbd_cdc.o [1]
USBD_CDC_DataOut         0x800'2deb   0x30  Code  Lc  usbd_cdc.o [1]
USBD_CDC_DeInit          0x800'2ca7   0x44  Code  Lc  usbd_cdc.o [1]
USBD_CDC_DeviceQualifierDesc
                        0x2000'0010    0xc  Data  Lc  usbd_cdc.o [1]
USBD_CDC_EP0_RxReady     0x800'2e1b   0x2a  Code  Lc  usbd_cdc.o [1]
USBD_CDC_GetDeviceQualifierDescriptor
                         0x800'2e5d    0x8  Code  Gb  usbd_cdc.o [1]
USBD_CDC_GetFSCfgDesc    0x800'2e45    0x8  Code  Lc  usbd_cdc.o [1]
USBD_CDC_GetHSCfgDesc    0x800'2e4d    0x8  Code  Lc  usbd_cdc.o [1]
USBD_CDC_GetOtherSpeedCfgDesc
                         0x800'2e55    0x8  Code  Lc  usbd_cdc.o [1]
USBD_CDC_Init            0x800'2c11   0x96  Code  Lc  usbd_cdc.o [1]
USBD_CDC_OtherSpeedCfgDesc
                        0x2000'00dc   0x44  Data  Gb  usbd_cdc.o [1]
USBD_CDC_ReceivePacket   0x800'2ea7   0x2e  Code  Gb  usbd_cdc.o [1]
USBD_CDC_RegisterInterface
                         0x800'2e75   0x12  Code  Gb  usbd_cdc.o [1]
USBD_CDC_SetRxBuffer     0x800'2e99    0xe  Code  Gb  usbd_cdc.o [1]
USBD_CDC_SetTxBuffer     0x800'2e87   0x12  Code  Gb  usbd_cdc.o [1]
USBD_CDC_Setup           0x800'2ceb   0xac  Code  Lc  usbd_cdc.o [1]
USBD_ClrClassConfig      0x800'1a55    0xa  Code  Gb  usbd_core.o [1]
USBD_CtlContinueRx       0x800'221f    0x8  Code  Gb  usbd_ioreq.o [1]
USBD_CtlContinueSendData
                         0x800'21f5    0x8  Code  Gb  usbd_ioreq.o [1]
USBD_CtlError            0x800'2181   0x14  Code  Gb  usbd_ctlreq.o [1]
USBD_CtlPrepareRx        0x800'21fd   0x22  Code  Gb  usbd_ioreq.o [1]
USBD_CtlReceiveStatus    0x800'223f    0xe  Code  Gb  usbd_ioreq.o [1]
USBD_CtlSendData         0x800'21d9   0x1c  Code  Gb  usbd_ioreq.o [1]
USBD_CtlSendStatus       0x800'2227    0xe  Code  Gb  usbd_ioreq.o [1]
USBD_FS_ConfigStrDescriptor
                         0x800'34a9    0x6  Code  Gb  usbd_desc.o [1]
USBD_FS_DeviceDesc      0x2000'014c   0x14  Data  Gb  usbd_desc.o [1]
USBD_FS_DeviceDescriptor
                         0x800'3459    0x8  Code  Gb  usbd_desc.o [1]
USBD_FS_InterfaceStrDescriptor
                         0x800'34d1    0x8  Code  Gb  usbd_desc.o [1]
USBD_FS_LangIDStrDescriptor
                         0x800'3461    0x8  Code  Gb  usbd_desc.o [1]
USBD_FS_ManufacturerStrDescriptor
                         0x800'3471    0xc  Code  Gb  usbd_desc.o [1]
USBD_FS_ProductStrDescriptor
                         0x800'3469    0x8  Code  Gb  usbd_desc.o [1]
USBD_FS_SerialStrDescriptor
                         0x800'347d   0x2c  Code  Gb  usbd_desc.o [1]
USBD_GetString           0x800'2195   0x44  Code  Gb  usbd_ctlreq.o [1]
USBD_Get_USB_Status      0x800'0dcb   0x14  Code  Lc  usbd_conf.o [1]
USBD_Init                0x800'19ed   0x2e  Code  Gb  usbd_core.o [1]
USBD_Interface_fops_FS  0x2000'0120   0x10  Data  Gb  usbd_cdc_if.o [1]
USBD_LL_ClearStallEP     0x800'0d3b   0x12  Code  Gb  usbd_conf.o [1]
USBD_LL_CloseEP          0x800'0d17   0x12  Code  Gb  usbd_conf.o [1]
USBD_LL_DataInStage      0x800'1b3d   0xbe  Code  Gb  usbd_core.o [1]
USBD_LL_DataOutStage     0x800'1ab9   0x84  Code  Gb  usbd_core.o [1]
USBD_LL_GetRxDataSize    0x800'0da3    0xe  Code  Gb  usbd_conf.o [1]
USBD_LL_Init             0x800'0c75   0x78  Code  Gb  usbd_conf.o [1]
USBD_LL_IsStallEP        0x800'0d4d   0x20  Code  Gb  usbd_conf.o [1]
USBD_LL_OpenEP           0x800'0cff   0x18  Code  Gb  usbd_conf.o [1]
USBD_LL_PrepareReceive   0x800'0d91   0x12  Code  Gb  usbd_conf.o [1]
USBD_LL_Reset            0x800'1bfb   0x52  Code  Gb  usbd_core.o [1]
USBD_LL_Resume           0x800'1c65   0x14  Code  Gb  usbd_core.o [1]
USBD_LL_SOF              0x800'1c79   0x1c  Code  Gb  usbd_core.o [1]
USBD_LL_SetSpeed         0x800'1c4d    0x6  Code  Gb  usbd_core.o [1]
USBD_LL_SetUSBAddress    0x800'0d6d   0x12  Code  Gb  usbd_conf.o [1]
USBD_LL_SetupStage       0x800'1a5f   0x5a  Code  Gb  usbd_core.o [1]
USBD_LL_StallEP          0x800'0d29   0x12  Code  Gb  usbd_conf.o [1]
USBD_LL_Start            0x800'0ced   0x12  Code  Gb  usbd_conf.o [1]
USBD_LL_Suspend          0x800'1c53   0x12  Code  Gb  usbd_core.o [1]
USBD_LL_Transmit         0x800'0d7f   0x12  Code  Gb  usbd_conf.o [1]
USBD_LangIDDesc         0x2000'0160    0x4  Data  Gb  usbd_desc.o [1]
USBD_ParseSetupRequest   0x800'2159   0x28  Code  Gb  usbd_ctlreq.o [1]
USBD_RegisterClass       0x800'1a1b   0x14  Code  Gb  usbd_core.o [1]
USBD_SetClassConfig      0x800'1a39   0x1c  Code  Gb  usbd_core.o [1]
USBD_SetConfig::cfgidx  0x2000'13ac    0x1  Data  Lc  usbd_ctlreq.o [1]
USBD_Start               0x800'1a2f    0xa  Code  Gb  usbd_core.o [1]
USBD_StdDevReq           0x800'1d31  0x282  Code  Gb  usbd_ctlreq.o [1]
USBD_StdEPReq            0x800'200d  0x14c  Code  Gb  usbd_ctlreq.o [1]
USBD_StdItfReq           0x800'1fb9   0x54  Code  Gb  usbd_ctlreq.o [1]
USBD_StrDesc            0x2000'1128  0x200  Data  Gb  usbd_desc.o [1]
USBD_StringSerial       0x2000'0164   0x1c  Data  Gb  usbd_desc.o [1]
USBD_static_free         0x800'0dc9    0x2  Code  Gb  usbd_conf.o [1]
USBD_static_malloc       0x800'0db1    0x4  Code  Gb  usbd_conf.o [1]
USBD_static_malloc::mem
                        0x2000'0f08  0x220  Data  Lc  usbd_conf.o [1]
USB_ActivateEndpoint     0x800'0e91  0x26a  Code  Gb  stm32f0xx_ll_usb.o [1]
USB_DeactivateEndpoint   0x800'1119  0x12c  Code  Gb  stm32f0xx_ll_usb.o [1]
USB_DevConnect           0x800'1837    0xe  Code  Gb  stm32f0xx_ll_usb.o [1]
USB_DevInit              0x800'0e7b   0x16  Code  Gb  stm32f0xx_ll_usb.o [1]
USB_DisableGlobalInt     0x800'0e6b   0x10  Code  Gb  stm32f0xx_ll_usb.o [1]
USB_EPClearStall         0x800'17bd   0x66  Code  Gb  stm32f0xx_ll_usb.o [1]
USB_EPSetStall           0x800'1785   0x2a  Code  Gb  stm32f0xx_ll_usb.o [1]
USB_EPStartXfer          0x800'1269  0x512  Code  Gb  stm32f0xx_ll_usb.o [1]
USB_EnableGlobalInt      0x800'0e5d    0xe  Code  Gb  stm32f0xx_ll_usb.o [1]
USB_IRQHandler           0x800'35e7    0xa  Code  Gb  stm32f0xx_it.o [1]
USB_ReadInterrupts       0x800'1845    0x6  Code  Gb  stm32f0xx_ll_usb.o [1]
USB_ReadPMA              0x800'189d   0x28  Code  Gb  stm32f0xx_ll_usb.o [1]
USB_SetDevAddress        0x800'1829    0xe  Code  Gb  stm32f0xx_ll_usb.o [1]
USB_WritePMA             0x800'1879   0x24  Code  Gb  stm32f0xx_ll_usb.o [1]
UserRxBufferFS          0x2000'0180  0x3e8  Data  Gb  usbd_cdc_if.o [1]
UserTxBufferFS          0x2000'0568  0x3e8  Data  Gb  usbd_cdc_if.o [1]
__ICFEDIT_region_RAM_end__ {Abs}
                        0x2000'3fff         Data  Gb  <internal module>
__ICFEDIT_region_RAM_start__ {Abs}
                        0x2000'0000         Data  Gb  <internal module>
__NVIC_SetPriority       0x800'1961   0x3a  Code  Lc  stm32f0xx_hal_cortex.o [1]
__aeabi_idiv0            0x800'2b99         Code  Gb  IntDivZer.o [3]
__aeabi_memcpy4          0x800'18c5         Code  Gb  ABImemcpy.o [3]
__aeabi_memcpy8          0x800'18c5         Code  Gb  ABImemcpy.o [3]
__cmain                  0x800'3651         Code  Gb  cmain.o [3]
__exit                   0x800'3689   0x14  Code  Gb  exit.o [4]
__iar_data_init3         0x800'3609   0x28  Code  Gb  data_init.o [3]
__iar_lz77_init_single3
                         0x800'0ddf   0x7e  Code  Gb  lz77_init_single.o [3]
__iar_program_start      0x800'369d         Code  Gb  cstartup_M.o [3]
__iar_small_Memset4_word
                         0x800'2489         Code  Gb  ABImemset_small.o [3]
__iar_small_Memset_word
                         0x800'2489         Code  Gb  ABImemset_small.o [3]
__iar_small_memclr       0x800'2485         Code  Gb  ABImemset_small.o [3]
__iar_small_memclr4      0x800'2485         Code  Gb  ABImemset_small.o [3]
__iar_small_memclr8      0x800'2485         Code  Gb  ABImemset_small.o [3]
__iar_small_memset       0x800'2489         Code  Gb  ABImemset_small.o [3]
__iar_small_memset4      0x800'2489         Code  Gb  ABImemset_small.o [3]
__iar_small_memset8      0x800'2489         Code  Gb  ABImemset_small.o [3]
__iar_small_uidiv        0x800'2259         Code  Gb  I32DivMod.o [3]
__iar_small_uidivmod     0x800'2259         Code  Gb  I32DivMod.o [3]
__iar_zero_init3         0x800'3591   0x3c  Code  Gb  zero_init3.o [3]
__low_level_init         0x800'366f    0x4  Code  Gb  low_level_init.o [2]
__vector_table           0x800'0000         Data  Gb  startup_stm32f072xb.o [1]
_call_main               0x800'365d         Code  Gb  cmain.o [3]
_exit                    0x800'367d         Code  Gb  cexit.o [3]
_main                    0x800'3667         Code  Gb  cmain.o [3]
exit                     0x800'3673    0x8  Code  Gb  exit.o [2]
hUsbDeviceFS            0x2000'0c44  0x2c4  Data  Gb  usb_device.o [1]
hadc                    0x2000'136c   0x40  Data  Gb  adc.o [1]
hdma_adc                0x2000'1328   0x44  Data  Gb  adc.o [1]
hpcd_USB_FS             0x2000'0950  0x2f4  Data  Gb  usbd_conf.o [1]
main                     0x800'1c9d   0x1c  Code  Gb  main.o [1]
memset                   0x800'2ed5   0x14  Code  Gb  memset.o [3]
uwTick                  0x2000'0004    0x4  Data  Gb  stm32f0xx_hal.o [1]
uwTickFreq              0x2000'0000    0x1  Data  Gb  stm32f0xx_hal.o [1]
uwTickPrio              0x2000'0008    0x4  Data  Gb  stm32f0xx_hal.o [1]


[1] = D:\PROJECTS\PLC\IRON_CASE_SWITCH\HW\PCB_PROJECTS\ACTUAL\POWER_HOT_SWAP\SOFTWARE\IAR\POWER_HOT_SWAP\EWARM\POWER_HOT_SWAP\Obj
[2] = dl6M_tlf.a
[3] = rt6M_tl.a
[4] = shb_l.a

  14'060 bytes of readonly  code memory
     242 bytes of readonly  data memory
   6'061 bytes of readwrite data memory

Errors: none
Warnings: none
